============================= test session starts =============================
platform win32 -- Python 3.13.5, pytest-9.0.2, pluggy-1.5.0
rootdir: C:\Users\Antonio\Documents\GitHub\kinetic-core
plugins: cov-7.0.0
collected 8 items

tests\test_auth.py ...                                                   [ 37%]
tests\test_core.py ...                                                   [ 75%]
tests\test_sanity.py .F                                                  [100%]

================================== FAILURES ===================================
_______________________________ test_cli_import _______________________________

    def test_cli_import():
        """Verify cli module is importable and has main function."""
        try:
            # Add root dir to path to find cli.py
            root_dir = Path(__file__).parent.parent
            sys.path.insert(0, str(root_dir))
    
>           import cli
E             File "C:\Users\Antonio\Documents\GitHub\kinetic-core\cli.py", line 293
E               """Main CLI entry point."""
E                                       ^
E           SyntaxError: unterminated triple-quoted string literal (detected at line 374)

tests\test_sanity.py:30: SyntaxError
=========================== short test summary info ===========================
FAILED tests/test_sanity.py::test_cli_import -   File "C:\Users\Antonio\Docum...
========================= 1 failed, 7 passed in 0.69s =========================
